Title: Some title
Short Summary: Wonder drug
Source: The Journal of Medicine
Evidence Type: Evidence Type
UKMI Comment: UKMI Comment
Resource Links: <p><a title="Link 1" href="items/5de65fe432281d43fbfcd15a">Link 1</a></p>
<p><a title="sadada" href="items/5de65fe432281d43fbfcd15a">Link 2</a></p>