<div class='evidenceType'><strong>Some evidence type</strong><div class='item'>Some Title<br>Some source<br>Some speciality<br>Some short summary<br><a href='https://www.medicinesresources.nhs.uk/abc'>SPS Comment</a></div></div><div class='evidenceType'><strong>Some evidence type 2</strong><div class='item'>Some Title<br>Some source<br>Some speciality 2<br>Some short summary<br><a href='https://www.medicinesresources.nhs.uk/abc'>SPS Comment</a></div></div>