

<table class="row article-border article-mec article-section-header">
    <tbody>
        <tr>
            <th class="small-12 large-12 columns first last">
                <table>
                    <tbody>
                        <tr>
                            <th>
                                <p>
                                    *|INTERESTED:Daily specialities of interest:Anaesthesia and pain,Complementary and alternative therapies|*
                                    Articles that match your chosen specialities today
                                    *|ELSE:|*
                                    No articles match your chosen specialities today
                                    *|END:INTERESTED|*
                                    - <a class="subtle-link" href="*|UPDATE_PROFILE|*">Edit your subscription</a>
                                </p>
                            </th>
                            <th class="expander"></th>
                        </tr>
                    </tbody>
                </table>
            </th>
        </tr>
    </tbody>
</table>


    *|INTERESTED:Daily specialities of interest:Anaesthesia and pain,Complementary and alternative therapies|*
    <table class="spacer-heading">
        <tbody>
            <tr>
                <td height="16px" style="font-size:16px;line-height:16px;">
                    <h3 class="article-heading">Safety alerts</h3>
                </td>
            </tr>
        </tbody>
    </table>
        *|INTERESTED:Daily specialities of interest:Anaesthesia and pain,Complementary and alternative therapies|*
        <table class="row article-border">
            <tbody>
                <tr>
                    <th class="small-12 large-12 columns first last">
                        <table>
                            <tbody>
                                <tr>
                                    <th>
                                        <h4 class="h4 article-title"><a class="article-link" href="#">Wonder Drug</a></h4>
                                        <p class="article-description">testing</p>
                                        <p class="article-description"><a class="article-link-subtle standard-link" href="https://www.medicinesresources.nhs.uk/testing-789">Read SPS commentary</a></p>
                                        <p class="article-tags">
                                            <span class="source-tag">ACP Journal Club</span>
                                                <span class="specialism-tag">Anaesthesia and pain</span>
                                                <span class="specialism-tag">Complementary and alternative therapies</span>
                                        </p>
                                    </th>
                                    <th class="expander"></th>
                                </tr>
                            </tbody>
                        </table>
                    </th>
                </tr>
            </tbody>
        </table>
        *|END:INTERESTED|*
    *|END:INTERESTED|*

*|INTERESTED:Send me everything from Medicines Awareness Daily:Send me everything|*
<table class="row article-border article-mec article-section-header">
    <tbody>
        <tr>
            <th class="small-12 large-12 columns first last">
                <table>
                    <tbody>
                        <tr>
                            <th>
                                <p>
                                    All articles from Medicines awareness services: Daily edition
                                </p>
                            </th>
                            <th class="expander"></th>
                        </tr>
                    </tbody>
                </table>
            </th>
        </tr>
    </tbody>
</table>

    <table class="spacer-heading">
        <tbody>
            <tr>
                <td height="16px" style="font-size:16px;line-height:16px;">
                    <h3 class="article-heading">Safety alerts</h3>
                </td>
            </tr>
        </tbody>
    </table>
        <table class="row article-border">
            <tbody>
                <tr>
                    <th class="small-12 large-12 columns first last">
                        <table>
                            <tbody>
                                <tr>
                                    <th>
                                        <h4 class="h4 article-title"><a class="article-link" href="#">Wonder Drug</a></h4>
                                        <p class="article-description">testing</p>
                                        <p class="article-description"><a class="article-link-subtle standard-link" href="https://www.medicinesresources.nhs.uk/testing-789">Read SPS commentary</a></p>
                                        <p class="article-tags">
                                            <span class="source-tag">ACP Journal Club</span>
                                                <span class="specialism-tag">Anaesthesia and pain</span>
                                                <span class="specialism-tag">Complementary and alternative therapies</span>
                                        </p>
                                    </th>
                                    <th class="expander"></th>
                                </tr>
                            </tbody>
                        </table>
                    </th>
                </tr>
            </tbody>
        </table>
*|END:INTERESTED|*

