<?xml version="1.0" encoding="utf-8"?>
<sitemapindex xmlns="http://www.sitemaps.org/schemas/sitemap/0.9">
  <sitemap>
    <loc>2020-01-sitemap.xml</loc>
  </sitemap>
  <sitemap>
    <loc>2020-02-sitemap.xml</loc>
  </sitemap>
</sitemapindex>