<?xml version="1.0" encoding="utf-8"?>
<urlset xmlns="http://www.sitemaps.org/schemas/sitemap/0.9">
  <url>
    <loc>http://mas-integration-tests/wonder-drug.html</loc>
    <lastmod>2020-01-22T13:25:53.8440000Z</lastmod>
  </url>
  <url>
    <loc>http://mas-integration-tests/my-medicine.html</loc>
    <lastmod>2020-01-22T13:26:06.6900000Z</lastmod>
  </url>
  <url>
    <loc>http://mas-integration-tests/snake-oil.html</loc>
    <lastmod>2020-01-22T13:26:26.9370000Z</lastmod>
  </url>
  <url>
    <loc>http://mas-integration-tests/a-placebo.html</loc>
    <lastmod>2020-01-22T13:26:38.7980000Z</lastmod>
  </url>
</urlset>